
> mwanga@0.0.0 build
> vite build

[36mvite v7.3.1 [32mbuilding client environment for production...[36m[39m
transforming...
[32mΓ£ô[39m 2335 modules transformed.
node.exe : [31mΓ£ù[39m Build failed in 5.55s
At line:1 char:1
+ & "C:\Program Files\nodejs/node.exe" "C:\Users\IMPACT - DBO\AppData\R ...
+ ~~~~~~~~~~~~~~~~~~~~~~~~~~~~~~~~~~~~~~~~~~~~~~~~~~~~~~~~~~~~~~~~~~~~~
    + CategoryInfo          : NotSpecified: ([31mΓ£ù[39m Build failed in 5.55s:String) [], RemoteException
    + FullyQualifiedErrorId : NativeCommandError
 
[31merror during build:
[31m[vite-plugin-pwa:build] [plugin vite-plugin-pwa:build] There was an error during the build:
  [vite]: Rollup failed to resolve import "react-is" from "C:/mwanga/node_modules/recharts/es6/util/ReactUtils.js".
This is most likely unintended because it can break your application at runtime.
If you do want to externalize this module explicitly add it to
`build.rollupOptions.external`
Additionally, handling the error in the 'buildEnd' hook caused the following error:
  [vite]: Rollup failed to resolve import "react-is" from "C:/mwanga/node_modules/recharts/es6/util/ReactUtils.js".
This is most likely unintended because it can break your application at runtime.
If you do want to externalize this module explicitly add it to
`build.rollupOptions.external`[31m
    at getRollupError (file:///C:/mwanga/node_modules/rollup/dist/es/shared/parseAst.js:402:41)
    at file:///C:/mwanga/node_modules/rollup/dist/es/shared/node-entry.js:23444:39
    at async catchUnfinishedHookActions (file:///C:/mwanga/node_modules/rollup/dist/es/shared/node-entry.js:22902:16)
    at async rollupInternal (file:///C:/mwanga/node_modules/rollup/dist/es/shared/node-entry.js:23427:5)
    at async buildEnvironment (file:///C:/mwanga/node_modules/vite/dist/node/chunks/config.js:33541:12)
    at async Object.build (file:///C:/mwanga/node_modules/vite/dist/node/chunks/config.js:33900:19)
    at async Object.buildApp (file:///C:/mwanga/node_modules/vite/dist/node/chunks/config.js:33897:153)
    at async CAC.<anonymous> (file:///C:/mwanga/node_modules/vite/dist/node/cli.js:629:3)[39m
