--- SMS CONTROLLER TEST ---
smsController keys: [ 'parseSmsMessage' ]
smsController.parseSmsMessage: function
---------------------------
[16:45:01] [31mERROR[39m: [36mDATABASE_URL is missing! PostgreSQL connection cannot be established.[39m
[16:45:01] [32mINFO[39m: [36mDatabase Config: Pool Max=10, SSL=false, KeepAlive=true[39m
